#Archivo de configuracion de estaciones para Develo GTK
#
#Formato estricto SCNL: Estacion  Canal  Red  Loc  EscalaVisual
#
#-------------------------------------------------------------
AP01    HHZ    C1   --   0.005
A08P    HHZ    C1   --   0.005
A09P    HHZ    C1   --   0.005
A11P    HHZ    C1   --   0.005
AP02    HHZ    C1   --   0.005
MNMCX   HHZ    CX   --   0.005
A16P    HHZ    C1   --   0.005
ENQU    HHZ    TC   --   0.005
GO01    HHZ    C1   --   0.005
TA01    HHZ    C1   --   0.005
BLOQ    HHZ    TC   --   0.005
AVAL    HHZ    TC   --   0.005
A11F    HHZ    C1   --   0.005
A06F    HHZ    C1   --   0.005
AF01    HHZ    C1   --   0.005
A02F    HHZ    C1   --   0.005
A03F    HHZ    C1   --   0.005
A04F    HHZ    C1   --   0.005
A15F    HHZ    C1   --   0.005
A26F    HHZ    C1   --   0.005
A28F    HHZ    C1   --   0.005
GO02    HHZ    C1   --   0.005
AF02    HHZ    C1   --   0.005
A10F    HHZ    C1   --   0.005
AC01    HHZ    C1   --   0.005
A14C    HHZ    C1   --   0.005
AC02    HHZ    C1   --   0.005
AHML    HHZ    RI   --   0.005
AC07    HHZ    C1   --   0.005
A02C    HHZ    C1   --   0.005
A31C    HHZ    C1   --   0.005
AC03    HHZ    C1   --   0.005
AC06    HHZ    C1   --   0.005
GO03    HHZ    C1   --   0.005
AC04    HHZ    C1   --   0.005
A13C    HHZ    C1   --   0.005
AC05    HHZ    C1   --   0.005
C16O    HHZ    C1   --   0.005
C17O    HHZ    C1   --   0.005
CO05    HHZ    C1   --   0.005
C02O    HHZ    C1   --   0.005
CO01    HHZ    C1   --   0.005
TLL     HHZ    C1   --   0.005
C26O    HHZ    C1   --   0.005
CO06    HHZ    C1   --   0.005
CO03    HHZ    C1   --   0.005
CO02    HHZ    C1   --   0.005
CO04    HHZ    C1   --   0.005
VA06    HHZ    C1   --   0.005
MT10    HHZ    C1   --   0.005
V25A    HHZ    C1   --   0.005
VA01    HHZ    C1   --   0.005
CLCH    HHZ    C1   --   0.005
STL     HHZ    C    --   0.005
MT16    HHZ    C1   --   0.005
MT08    HHZ    C1   --   0.005
DG01    HHZ    C1   --   0.005
MT03    HHZ    C1   --   0.005
ANTU    HHZ    C    --   0.005
MT05    HHZ    C1   --   0.005
VA04    HHZ    C1   --   0.005
MT13    HHZ    C1   --   0.005
MT01    HHZ    C1   --   0.005
BO04    HHZ    C1   --   0.005
BO09    HHZ    C1   --   0.005
BO01    HHZ    C1   --   0.005
B05O    HHZ    C1   --   0.005
BO03    HHZ    C1   --   0.005
AZUF    HHZ    TC   --   0.005
BO02    HHZ    C1   --   0.005
ADU2    HHZ    TC   --   0.005
CARR    HHZ    TC   --   0.005
MA02    HHZ    C1   --   0.005
ML02    HHZ    C1   --   0.005
ARAN    HHZ    TC   --   0.005
CHCY    HHZ    TC   --   0.005
ELTO    HHZ    TC   --   0.005
BI06    HHZ    C1   --   0.005
COLO    HHZ    TC   --   0.005
CAST    HHZ    TC   --   0.005
B06I    HHZ    C1   --   0.005
B05I    HHZ    C1   --   0.005
CCH2    HHZ    C    --   0.005
BI02    HHZ    C1   --   0.005
B22I    HHZ    C1   --   0.005
BI05    HHZ    C1   --   0.005
B02I    HHZ    C1   --   0.005
B16I    HHZ    C1   --   0.005
BI03    HHZ    C1   --   0.005
CCSP    HHZ    C    --   0.005
B03I    HHZ    C1   --   0.005
BOSQ    HHZ    TC   --   0.005
BI04    HHZ    C    --   0.005
LC02    HHZ    C1   --   0.005
LC01    HHZ    C1   --   0.005
GO06    HHZ    C1   --   0.005
LL04    HHZ    C1   --   0.005
LL05    HHZ    C1   --   0.005
LL01    HHZ    C1   --   0.005
AYA     HHZ    VC   --   0.005
HUNY    HHZ    C    --   0.005
CA2     HHZ    VC   --   0.005
GO07    HHZ    C1   --   0.005
A07Y    HHZ    C1   --   0.005
AY01    HHZ    C1   --   0.005
A01Y    HHZ    C1   --   0.005
AY05    HHZ    C1   --   0.005
AYSN    HHZ    VC   --   0.005
A02Y    HHZ    C1   --   0.005
A03Y    HHZ    C1   --   0.005
ADAL    HHZ    VC   --   0.005
AY02    HHZ    C1   --   0.005
AY04    HHZ    C1   --   0.005
A04Y    HHZ    C1   --   0.005
CHRN    HHZ    C    --   0.005
AY03    HHZ    C1   --   0.005
AY06    HHZ    C1   --   0.005
GO08    HHZ    C1   --   0.005
A11Y    HHZ    C1   --   0.005
GO09    HHZ    C1   --   0.005
MG04    HHZ    C1   --   0.005
M04A    HHZ    C1   --   0.005
M01A    HHZ    C1   --   0.005
MG03    HHZ    C1   --   0.005
