FAR1  C  HHHZ  33 20.2620S 70 17.9640W                                            
FAR1  C  HHHN  33 20.2620S 70 17.9640W                                            
FAR1  C  HHHE  33 20.2620S 70 17.9640W                                            
GO01  C  HHHZ  19 40.1100S 69 11.6520W                                            
GO01  C  HHHN  19 40.1100S 69 11.6520W                                            
GO01  C  HHHE  19 40.1100S 69 11.6520W                                            
GO02  C  HHHZ  25  9.7560S 69 35.4240W                                            
GO02  C  HHHN  25  9.7560S 69 35.4240W                                            
GO02  C  HHHE  25  9.7560S 69 35.4240W                                            
GO03  C  HHHZ  27 35.6220S 70 14.0820W                                            
GO03  C  HHHN  27 35.6220S 70 14.0820W                                            
GO03  C  HHHE  27 35.6220S 70 14.0820W                                            
GO04  C  HHHZ  30 10.3620S 70 47.9580W                                            
GO04  C  HHHN  30 10.3620S 70 47.9580W                                            
GO04  C  HHHE  30 10.3620S 70 47.9580W                                            
GO05  C  HHHZ  35  0.5940S 71 55.8180W                                            
GO05  C  HHHN  35  0.5940S 71 55.8180W                                            
GO05  C  HHHE  35  0.5940S 71 55.8180W                                            
GO06  C  HHHZ  39 35.0340S 71 28.3200W                                            
GO06  C  HHHN  39 35.0340S 71 28.3200W                                            
GO06  C  HHHE  39 35.0340S 71 28.3200W                                            
GO08  C  HHHZ  48 27.8880S 72 33.3960W                                            
GO08  C  HHHN  48 27.8880S 72 33.3960W                                            
GO08  C  HHHE  48 27.8880S 72 33.3960W                                            
GO09  C  HHHZ  51 16.2420S 72 20.2860W                                            
GO09  C  HHHN  51 16.2420S 72 20.2860W                                            
GO09  C  HHHE  51 16.2420S 72 20.2860W                                            
GO10  C  HHHZ  53  9.2760S 71  2.9880W                                            
GO10  C  HHHN  53  9.2760S 71  2.9880W                                            
GO10  C  HHHE  53  9.2760S 71  2.9880W                                            
LMEL  C  HHHZ  33 50.8560S 70 12.4500W                                            
LMEL  C  HHHN  33 50.8560S 70 12.4500W                                            
LMEL  C  HHHE  33 50.8560S 70 12.4500W                                            
AC01  C1 HHHZ  26  8.8728S 70 35.9196W                                            
AC01  C1 HHHN  26  8.8728S 70 35.9196W                                            
AC01  C1 HHHE  26  8.8728S 70 35.9196W                                            
AC02  C1 HHHZ  26 50.1312S 69  7.7442W                                            
AC02  C1 HHHN  26 50.1312S 69  7.7442W                                            
AC02  C1 HHHE  26 50.1312S 69  7.7442W                                            
AC04  C1 HHHZ  28 12.2742S 71  4.4358W                                            
AC04  C1 HHHN  28 12.2742S 71  4.4358W                                            
AC04  C1 HHHE  28 12.2742S 71  4.4358W                                            
AC05  C1 HHHZ  28 50.1828S 70 16.4268W                                            
AC05  C1 HHHN  28 50.1828S 70 16.4268W                                            
AC05  C1 HHHE  28 50.1828S 70 16.4268W                                            
AC06  C1 HHHZ  27 21.4272S 70 21.2814W                                            
AC06  C1 HHHN  27 21.4272S 70 21.2814W                                            
AC06  C1 HHHE  27 21.4272S 70 21.2814W                                            
AC07  C1 HHHZ  27  7.7820S 70 51.6120W                                            
AC07  C1 HHHN  27  7.7820S 70 51.6120W                                            
AC07  C1 HHHE  27  7.7820S 70 51.6120W                                            
AF01  C1 HHHZ  22 57.1176S 68 10.7256W                                            
AF01  C1 HHHN  22 57.1176S 68 10.7256W                                            
AF01  C1 HHHE  22 57.1176S 68 10.7256W                                            
AF02  C1 HHHZ  25 25.1262S 70 27.3216W                                            
AF02  C1 HHHN  25 25.1262S 70 27.3216W                                            
AF02  C1 HHHE  25 25.1262S 70 27.3216W                                            
AP01  C1 HHHZ  18 22.2504S 70 20.5182W                                            
AP01  C1 HHHN  18 22.2504S 70 20.5182W                                            
AP01  C1 HHHE  18 22.2504S 70 20.5182W                                            
AP02  C1 HHHZ  18 51.2376S 69  8.5998W                                            
AP02  C1 HHHN  18 51.2376S 69  8.5998W                                            
AP02  C1 HHHE  18 51.2376S 69  8.5998W                                            
AY02  C1 HHHZ  46 29.0352S 73 11.6844W                                            
AY02  C1 HHHN  46 29.0352S 73 11.6844W                                            
AY02  C1 HHHE  46 29.0352S 73 11.6844W                                            
AY03  C1 HHHZ  47 15.1824S 72 35.4462W                                            
AY03  C1 HHHN  47 15.1824S 72 35.4462W                                            
AY03  C1 HHHE  47 15.1824S 72 35.4462W                                            
AY04  C1 HHHZ  46 34.9566S 71 41.4540W                                            
AY04  C1 HHHN  46 34.9566S 71 41.4540W                                            
AY04  C1 HHHE  46 34.9566S 71 41.4540W                                            
AY05  C1 HHHZ  45  9.0576S 73 30.7002W                                            
AY05  C1 HHHN  45  9.0576S 73 30.7002W                                            
AY05  C1 HHHE  45  9.0576S 73 30.7002W                                            
BI02  C1 HHHZ  36 39.8040S 71 16.3860W                                            
BI02  C1 HHHN  36 39.8040S 71 16.3860W                                            
BI02  C1 HHHE  36 39.8040S 71 16.3860W                                            
BI04  C1 HHHZ  38 24.6966S 73 53.1732W                                            
BI04  C1 HHHN  38 24.6966S 73 53.1732W                                            
BI04  C1 HHHE  38 24.6966S 73 53.1732W                                            
BI05  C1 HHHZ  36 44.8704S 73 11.4306W                                            
BI05  C1 HHHN  36 44.8704S 73 11.4306W                                            
BI05  C1 HHHE  36 44.8704S 73 11.4306W                                            
BI06  C1 HHHZ  36  7.8786S 72 47.3082W                                            
BI06  C1 HHHN  36  7.8786S 72 47.3082W                                            
BI06  C1 HHHE  36  7.8786S 72 47.3082W                                            
BO01  C1 HHHZ  34 23.5020S 71  5.0880W                                            
BO01  C1 HHHN  34 23.5020S 71  5.0880W                                            
BO01  C1 HHHE  34 23.5020S 71  5.0880W                                            
BO02  C1 HHHZ  34 47.5470S 70 46.8894W                                            
BO02  C1 HHHN  34 47.5470S 70 46.8894W                                            
BO02  C1 HHHE  34 47.5470S 70 46.8894W                                            
BO03  C1 HHHZ  34 29.7630S 71 57.6720W                                            
BO03  C1 HHHN  34 29.7630S 71 57.6720W                                            
BO03  C1 HHHE  34 29.7630S 71 57.6720W                                            
BO04  C1 HHHZ  33 59.3340S 70 36.5424W                                            
BO04  C1 HHHN  33 59.3340S 70 36.5424W                                            
BO04  C1 HHHE  33 59.3340S 70 36.5424W                                            
CO01  C1 HHHZ  29 58.6350S 70  5.6382W                                            
CO01  C1 HHHN  29 58.6350S 70  5.6382W                                            
CO01  C1 HHHE  29 58.6350S 70  5.6382W                                            
CO02  C1 HHHZ  31 12.2220S 71  0.0120W                                            
CO02  C1 HHHN  31 12.2220S 71  0.0120W                                            
CO02  C1 HHHE  31 12.2220S 71  0.0120W                                            
CO03  C1 HHHZ  30 50.3340S 70 41.3460W                                            
CO03  C1 HHHN  30 50.3340S 70 41.3460W                                            
CO03  C1 HHHE  30 50.3340S 70 41.3460W                                            
CO04  C1 HHHZ  32  2.5992S 70 58.4814W                                            
CO04  C1 HHHN  32  2.5992S 70 58.4814W                                            
CO04  C1 HHHE  32  2.5992S 70 58.4814W                                            
CO05  C1 HHHZ  29 55.1184S 71 14.3046W                                            
CO05  C1 HHHN  29 55.1184S 71 14.3046W                                            
CO05  C1 HHHE  29 55.1184S 71 14.3046W                                            
CO06  C1 HHHZ  30 40.4286S 71 38.0994W                                            
CO06  C1 HHHN  30 40.4286S 71 38.0994W                                            
CO06  C1 HHHE  30 40.4286S 71 38.0994W                                            
IN44  C1 HHHZ  62 28.7244S 59 39.8406W                                            
IN44  C1 HHHN  62 28.7244S 59 39.8406W                                            
IN44  C1 HHHE  62 28.7244S 59 39.8406W                                            
LC01  C1 HHHZ  38 53.8512S 71 52.5630W                                            
LC01  C1 HHHN  38 53.8512S 71 52.5630W                                            
LC01  C1 HHHE  38 53.8512S 71 52.5630W                                            
LC02  C1 HHHZ  38 47.5134S 73 23.6826W                                            
LC02  C1 HHHN  38 47.5134S 73 23.6826W                                            
LC02  C1 HHHE  38 47.5134S 73 23.6826W                                            
LL01  C1 HHHZ  42 22.7232S 72 24.7524W                                            
LL01  C1 HHHN  42 22.7232S 72 24.7524W                                            
LL01  C1 HHHE  42 22.7232S 72 24.7524W                                            
LL02  C1 HHHZ  43 11.4330S 71 50.9028W                                            
LL02  C1 HHHN  43 11.4330S 71 50.9028W                                            
LL02  C1 HHHE  43 11.4330S 71 50.9028W                                            
LL03  C1 HHHZ  41  8.3040S 72 24.2016W                                            
LL03  C1 HHHN  41  8.3040S 72 24.2016W                                            
LL03  C1 HHHE  41  8.3040S 72 24.2016W                                            
LL04  C1 HHHZ  40 54.5832S 72 24.4902W                                            
LL04  C1 HHHN  40 54.5832S 72 24.4902W                                            
LL04  C1 HHHE  40 54.5832S 72 24.4902W                                            
LL05  C1 HHHZ  41 24.3204S 73 28.4670W                                            
LL05  C1 HHHN  41 24.3204S 73 28.4670W                                            
LL05  C1 HHHE  41 24.3204S 73 28.4670W                                            
LL06  C1 HHHZ  42 12.9084S 73 37.7010W                                            
LL06  C1 HHHN  42 12.9084S 73 37.7010W                                            
LL06  C1 HHHE  42 12.9084S 73 37.7010W                                            
LL07  C1 HHHZ  42 49.9410S 73 28.6710W                                            
LL07  C1 HHHN  42 49.9410S 73 28.6710W                                            
LL07  C1 HHHE  42 49.9410S 73 28.6710W                                            
LR03  C1 HHHZ  39 37.9308S 72 20.7420W                                            
LR03  C1 HHHN  39 37.9308S 72 20.7420W                                            
LR03  C1 HHHE  39 37.9308S 72 20.7420W                                            
LR04  C1 HHHZ  39 52.8114S 73 25.5492W                                            
LR04  C1 HHHN  39 52.8114S 73 25.5492W                                            
LR04  C1 HHHE  39 52.8114S 73 25.5492W                                            
LR05  C1 HHHZ  40 13.7988S 72  0.2640W                                            
LR05  C1 HHHN  40 13.7988S 72  0.2640W                                            
LR05  C1 HHHE  40 13.7988S 72  0.2640W                                            
MG01  C1 HHHZ  54 55.9320S 67 37.8000W                                            
MG01  C1 HHHN  54 55.9320S 67 37.8000W                                            
MG01  C1 HHHE  54 55.9320S 67 37.8000W                                            
MG02  C1 HHHZ  52 46.8480S 69 13.4520W                                            
MG02  C1 HHHN  52 46.8480S 69 13.4520W                                            
MG02  C1 HHHE  52 46.8480S 69 13.4520W                                            
MG03  C1 HHHZ  53 50.8788S 70 27.7650W                                            
MG03  C1 HHHN  53 50.8788S 70 27.7650W                                            
MG03  C1 HHHE  53 50.8788S 70 27.7650W                                            
MG04  C1 HHHZ  52 51.4338S 71 34.1994W                                            
MG04  C1 HHHN  52 51.4338S 71 34.1994W                                            
MG04  C1 HHHE  52 51.4338S 71 34.1994W                                            
MG05  C1 HHHZ  51 40.7040S 72 30.1920W                                            
MG05  C1 HHHN  51 40.7040S 72 30.1920W                                            
MG05  C1 HHHE  51 40.7040S 72 30.1920W                                            
ML02  C1 HHHZ  35 45.7560S 71 25.0860W                                            
ML02  C1 HHHN  35 45.7560S 71 25.0860W                                            
ML02  C1 HHHE  35 45.7560S 71 25.0860W                                            
ML03  C1 HHHZ  35 43.0314S 72 25.3464W                                            
ML03  C1 HHHN  35 43.0314S 72 25.3464W                                            
ML03  C1 HHHE  35 43.0314S 72 25.3464W                                            
MT01  C1 HHHZ  33 51.8460S 71 15.0540W                                            
MT01  C1 HHHN  33 51.8460S 71 15.0540W                                            
MT01  C1 HHHE  33 51.8460S 71 15.0540W                                            
MT02  C1 HHHZ  33 15.5502S 71  8.2668W                                            
MT02  C1 HHHN  33 15.5502S 71  8.2668W                                            
MT02  C1 HHHE  33 15.5502S 71  8.2668W                                            
MT03  C1 HHHZ  33 29.6160S 70 30.6120W                                            
MT03  C1 HHHN  33 29.6160S 70 30.6120W                                            
MT03  C1 HHHE  33 29.6160S 70 30.6120W                                            
MT04  C1 HHHZ  33 24.2706S 70  8.2344W                                            
MT04  C1 HHHN  33 24.2706S 70  8.2344W                                            
MT04  C1 HHHE  33 24.2706S 70  8.2344W                                            
MT05  C1 HHHZ  33 23.5140S 70 44.2860W                                            
MT05  C1 HHHN  33 23.5140S 70 44.2860W                                            
MT05  C1 HHHE  33 23.5140S 70 44.2860W                                            
MT07  C1 HHHZ  32 58.5576S 71  0.9384W                                            
MT07  C1 HHHN  32 58.5576S 71  0.9384W                                            
MT07  C1 HHHE  32 58.5576S 71  0.9384W                                            
MT08  C1 HHHZ  33 26.7510S 70  1.0344W                                            
MT08  C1 HHHN  33 26.7510S 70  1.0344W                                            
MT08  C1 HHHE  33 26.7510S 70  1.0344W                                            
MT09  C1 HHHZ  33 46.5732S 70 59.3202W                                            
MT09  C1 HHHN  33 46.5732S 70 59.3202W                                            
MT09  C1 HHHE  33 46.5732S 70 59.3202W                                            
MT10  C1 HHHZ  33 16.3674S 70 32.2338W                                            
MT10  C1 HHHN  33 16.3674S 70 32.2338W                                            
MT10  C1 HHHE  33 16.3674S 70 32.2338W                                            
MT12  C1 HHHZ  33 43.9638S 70 32.9214W                                            
MT12  C1 HHHN  33 43.9638S 70 32.9214W                                            
MT12  C1 HHHE  33 43.9638S 70 32.9214W                                            
MT13  C1 HHHZ  33 44.6100S 70 17.1654W                                            
MT13  C1 HHHN  33 44.6100S 70 17.1654W                                            
MT13  C1 HHHE  33 44.6100S 70 17.1654W                                            
MT14  C1 HHHZ  33 23.7438S 70 32.1738W                                            
MT14  C1 HHHN  33 23.7438S 70 32.1738W                                            
MT14  C1 HHHE  33 23.7438S 70 32.1738W                                            
MT15  C1 HHHZ  33 35.9640S 70 30.3756W                                            
MT15  C1 HHHN  33 35.9640S 70 30.3756W                                            
MT15  C1 HHHE  33 35.9640S 70 30.3756W                                            
MT16  C1 HHHZ  33 25.7088S 70 31.4010W                                            
MT16  C1 HHHN  33 25.7088S 70 31.4010W                                            
MT16  C1 HHHE  33 25.7088S 70 31.4010W                                            
MT18  C1 HHHZ  33 27.7860S 70 39.8634W                                            
MT18  C1 HHHN  33 27.7860S 70 39.8634W                                            
MT18  C1 HHHE  33 27.7860S 70 39.8634W                                            
MT19  C1 HHHZ  33 25.5420S 70 52.5060W                                            
MT19  C1 HHHN  33 25.5420S 70 52.5060W                                            
MT19  C1 HHHE  33 25.5420S 70 52.5060W                                            
TA01  C1 HHHZ  20 33.9414S 70 10.8432W                                            
TA01  C1 HHHN  20 33.9414S 70 10.8432W                                            
TA01  C1 HHHE  20 33.9414S 70 10.8432W                                            
TA02  C1 HHHZ  20 16.2318S 70  7.8618W                                            
TA02  C1 HHHN  20 16.2318S 70  7.8618W                                            
TA02  C1 HHHE  20 16.2318S 70  7.8618W                                            
TA03  C1 HHHZ  20 45.6780S 69 23.8380W                                            
TA03  C1 HHHN  20 45.6780S 69 23.8380W                                            
TA03  C1 HHHE  20 45.6780S 69 23.8380W                                            
VA01  C1 HHHZ  33  1.3686S 71 38.8512W                                            
VA01  C1 HHHN  33  1.3686S 71 38.8512W                                            
VA01  C1 HHHE  33  1.3686S 71 38.8512W                                            
VA02  C1 HHHZ  27  9.6156S109 26.0844W                                            
VA02  C1 HHHN  27  9.6156S109 26.0844W                                            
VA02  C1 HHHE  27  9.6156S109 26.0844W                                            
VA03  C1 HHHZ  32 45.8220S 70 33.0480W                                            
VA03  C1 HHHN  32 45.8220S 70 33.0480W                                            
VA03  C1 HHHE  32 45.8220S 70 33.0480W                                            
VA04  C1 HHHZ  33 38.5620S 78 49.7940W                                            
VA04  C1 HHHN  33 38.5620S 78 49.7940W                                            
VA04  C1 HHHE  33 38.5620S 78 49.7940W                                            
VA05  C1 HHHZ  33 39.4266S 71 36.8568W                                            
VA05  C1 HHHN  33 39.4266S 71 36.8568W                                            
VA05  C1 HHHE  33 39.4266S 71 36.8568W                                            
VA06  C1 HHHZ  32 33.6702S 71 17.8590W                                            
VA06  C1 HHHN  32 33.6702S 71 17.8590W                                            
VA06  C1 HHHE  32 33.6702S 71 17.8590W                                            
PB01  CX HHHZ  21  2.5938S 69 29.2440W                                            
PB01  CX HHHN  21  2.5938S 69 29.2440W                                            
PB01  CX HHHE  21  2.5938S 69 29.2440W                                            
PB02  CX HHHZ  21 19.1838S 69 53.7618W                                            
PB02  CX HHHN  21 19.1838S 69 53.7618W                                            
PB02  CX HHHE  21 19.1838S 69 53.7618W                                            
PB03  CX HHHZ  22  2.9082S 69 45.1860W                                            
PB03  CX HHHN  22  2.9082S 69 45.1860W                                            
PB03  CX HHHE  22  2.9082S 69 45.1860W                                            
PB04  CX HHHZ  22 20.0214S 70  8.9508W                                            
PB04  CX HHHN  22 20.0214S 70  8.9508W                                            
PB04  CX HHHE  22 20.0214S 70  8.9508W                                            
PB05  CX HHHZ  22 51.1698S 70 12.1410W                                            
PB05  CX HHHN  22 51.1698S 70 12.1410W                                            
PB05  CX HHHE  22 51.1698S 70 12.1410W                                            
PB06  CX HHHZ  22 42.3480S 69 34.3128W                                            
PB06  CX HHHN  22 42.3480S 69 34.3128W                                            
PB06  CX HHHE  22 42.3480S 69 34.3128W                                            
PB07  CX HHHZ  21 43.6002S 69 53.1708W                                            
PB07  CX HHHN  21 43.6002S 69 53.1708W                                            
PB07  CX HHHE  21 43.6002S 69 53.1708W                                            
PB08  CX HHHZ  20  8.4672S 69  9.2040W                                            
PB08  CX HHHN  20  8.4672S 69  9.2040W                                            
PB08  CX HHHE  20  8.4672S 69  9.2040W                                            
PB09  CX HHHZ  21 47.7828S 69 14.5152W                                            
PB09  CX HHHN  21 47.7828S 69 14.5152W                                            
PB09  CX HHHE  21 47.7828S 69 14.5152W                                            
PB10  CX HHHZ  23 30.8058S 70 33.2448W                                            
PB10  CX HHHN  23 30.8058S 70 33.2448W                                            
PB10  CX HHHE  23 30.8058S 70 33.2448W                                            
PB11  CX HHHZ  19 45.6576S 69 39.3492W                                            
PB11  CX HHHN  19 45.6576S 69 39.3492W                                            
PB11  CX HHHE  19 45.6576S 69 39.3492W                                            
PB12  CX HHHZ  18 36.8436S 70 19.6854W                                            
PB12  CX HHHN  18 36.8436S 70 19.6854W                                            
PB12  CX HHHE  18 36.8436S 70 19.6854W                                            
PB14  CX HHHZ  24 37.5582S 70 24.2274W                                            
PB14  CX HHHN  24 37.5582S 70 24.2274W                                            
PB14  CX HHHE  24 37.5582S 70 24.2274W                                            
PB15  CX HHHZ  23 12.5004S 69 28.2552W                                            
PB15  CX HHHN  23 12.5004S 69 28.2552W                                            
PB15  CX HHHE  23 12.5004S 69 28.2552W                                            
PB16  CX HHHZ  18 20.1060S 69 30.4602W                                            
PB16  CX HHHN  18 20.1060S 69 30.4602W                                            
PB16  CX HHHE  18 20.1060S 69 30.4602W                                            
PB19  CX HHHZ  23 54.2868S 69 17.4390W                                            
PB19  CX HHHN  23 54.2868S 69 17.4390W                                            
PB19  CX HHHE  23 54.2868S 69 17.4390W                                            
PB21  CX HHHZ  22 20.0214S 70  8.9508W                                            
PB21  CX HHHN  22 20.0214S 70  8.9508W                                            
PB21  CX HHHE  22 20.0214S 70  8.9508W                                            
PB22  CX HHHZ  22 55.7838S 70 14.3448W                                            
PB22  CX HHHN  22 55.7838S 70 14.3448W                                            
PB22  CX HHHE  22 55.7838S 70 14.3448W                                            
PB23  CX HHHZ  19 44.3682S 69 38.2818W                                            
PB23  CX HHHN  19 44.3682S 69 38.2818W                                            
PB23  CX HHHE  19 44.3682S 69 38.2818W                                            
MNMCX CX HHHZ  19  7.8648S 69 35.7318W                                            
MNMCX CX HHHN  19  7.8648S 69 35.7318W                                            
MNMCX CX HHHE  19  7.8648S 69 35.7318W                                            
PSGCX CX HHHZ  19 35.8302S 70  7.3830W                                            
PSGCX CX HHHN  19 35.8302S 70  7.3830W                                            
PSGCX CX HHHE  19 35.8302S 70  7.3830W                                            
HMBCX CX HHHZ  20 16.6932S 69 53.2746W                                            
HMBCX CX HHHN  20 16.6932S 69 53.2746W                                            
HMBCX CX HHHE  20 16.6932S 69 53.2746W                                            
PATCX CX HHHZ  20 49.2426S 70  9.1728W                                            
PATCX CX HHHN  20 49.2426S 70  9.1728W                                            
PATCX CX HHHE  20 49.2426S 70  9.1728W                                            
AVAL  TC HHHZ  21 14.7564S 68 17.7630W                                            
AVAL  TC HHHN  21 14.7564S 68 17.7630W                                            
AVAL  TC HHHE  21 14.7564S 68 17.7630W                                            
BLOQ  TC HHHZ  20 43.1760S 68 34.9620W                                            
BLOQ  TC HHHN  20 43.1760S 68 34.9620W                                            
BLOQ  TC HHHE  20 43.1760S 68 34.9620W                                            
ENQU  TC HHHZ  19 12.3918S 68 49.5708W                                            
ENQU  TC HHHN  19 12.3918S 68 49.5708W                                            
ENQU  TC HHHE  19 12.3918S 68 49.5708W                                            
VICU  TC HHHZ  18 24.4800S 69  6.5778W                                            
VICU  TC HHHN  18 24.4800S 69  6.5778W                                            
VICU  TC HHHE  18 24.4800S 69  6.5778W                                            
ROC1  C  HHHZ  32 58.5360S 71  0.9360W                                            
ROC1  C  HHHN  32 58.5360S 71  0.9360W                                            
ROC1  C  HHHE  32 58.5360S 71  0.9360W                                            
CASY  IU HHHZ  66 16.7520S110 32.1240E                                          00
CASY  IU HHHN  66 16.7520S110 32.1240E                                          00
CASY  IU HHHE  66 16.7520S110 32.1240E                                          00
LCO   IU HHHZ  29  0.6600S 70 42.0300W                                          00
LCO   IU HHHN  29  0.6600S 70 42.0300W                                          00
LCO   IU HHHE  29  0.6600S 70 42.0300W                                          00
PAYG  IU HHHZ   0 40.4520S 90 17.1660W                                          00
PAYG  IU HHHN   0 40.4520S 90 17.1660W                                          00
PAYG  IU HHHE   0 40.4520S 90 17.1660W                                          00
PMSA  IU HHHZ  64 46.4640S 64  2.9340W                                          00
PMSA  IU HHHN  64 46.4640S 64  2.9340W                                          00
PMSA  IU HHHE  64 46.4640S 64  2.9340W                                          00
RCBR  IU HHHZ   5 49.6440S 35 54.0840W                                          00
RCBR  IU HHHN   5 49.6440S 35 54.0840W                                          00
RCBR  IU HHHE   5 49.6440S 35 54.0840W                                          00
SAML  IU HHHZ   8 56.9340S 63 10.9860W                                          00
SAML  IU HHHN   8 56.9340S 63 10.9860W                                          00
SAML  IU HHHE   8 56.9340S 63 10.9860W                                          00
SBA   IU HHHZ  77 50.9520S166 45.4320E                                          00
SBA   IU HHHN  77 50.9520S166 45.4320E                                          00
SBA   IU HHHE  77 50.9520S166 45.4320E                                          00
TRQA  IU HHHZ  38  3.4080S 61 58.7220W                                          00
TRQA  IU HHHN  38  3.4080S 61 58.7220W                                          00
TRQA  IU HHHE  38  3.4080S 61 58.7220W                                          00
EFI   II HHHZ  51 40.5180S 58  3.8220W                                          00
EFI   II HHHN  51 40.5180S 58  3.8220W                                          00
EFI   II HHHE  51 40.5180S 58  3.8220W                                          00
NNA   II HHHZ  11 59.2500S 76 50.5320W                                          00
NNA   II HHHN  11 59.2500S 76 50.5320W                                          00
NNA   II HHHE  11 59.2500S 76 50.5320W                                          00
GUA0  PE HHHZ  13 59.8800S 75 47.4000W                                            
GUA0  PE HHHN  13 59.8800S 75 47.4000W                                            
GUA0  PE HHHE  13 59.8800S 75 47.4000W                                            
HYO0  PE HHHZ  12  2.5200S 75 19.2600W                                            
HYO0  PE HHHN  12  2.5200S 75 19.2600W                                            
HYO0  PE HHHE  12  2.5200S 75 19.2600W                                            
QLK0  PE HHHZ  16 42.9240S 72 25.6680W                                            
QLK0  PE HHHN  16 42.9240S 72 25.6680W                                            
QLK0  PE HHHE  16 42.9240S 72 25.6680W                                            
TOQ0  PE HHHZ  17 18.2400S 70 38.5800W                                            
TOQ0  PE HHHN  17 18.2400S 70 38.5800W                                            
TOQ0  PE HHHE  17 18.2400S 70 38.5800W                                            
YCA0  PE HHHZ  15 39.6780S 74 33.5760W                                            
YCA0  PE HHHN  15 39.6780S 74 33.5760W                                            
YCA0  PE HHHE  15 39.6780S 74 33.5760W                                            
USHA  RI HHHZ  54 49.9140S 68 25.9980W                                            
USHA  RI HHHN  54 49.9140S 68 25.9980W                                            
USHA  RI HHHE  54 49.9140S 68 25.9980W                                            
ESPZ  AI HHHZ  63 23.8860S 56 59.7840W                                          04
ESPZ  AI HHHN  63 23.8860S 56 59.7840W                                          04
ESPZ  AI HHHE  63 23.8860S 56 59.7840W                                          04
