# Do not leave any blank lines in this file.
#
#
# Note: use negative values for filterWindow, longTermWindow
#       and tUpEvent to let the code autoset them.
#
#                                      threshold1
# Pick  Pin     Sta/Comp           longTermWindow  tUpEvent
# Flag  Numb    Net/Loc       filterWindow  threshold2
# ----  ----    --------      -----------------------------
1      0  ESPZ  HHZ AI 04   -1  -1   8.6  17.2   -1
1      1  FAR1  HHZ C  --   -1  -1   8.6  17.2   -1
1      2  GO01  HHZ C  --   -1  -1   8.6  17.2   -1
1      3  GO02  HHZ C  --   -1  -1   8.6  17.2   -1
1      4  GO03  HHZ C  --   -1  -1   8.6  17.2   -1
1      5  GO04  HHZ C  --   -1  -1   8.6  17.2   -1
1      6  GO05  HHZ C  --   -1  -1   8.6  17.2   -1
1      7  GO06  HHZ C  --   -1  -1   8.6  17.2   -1
1      8  GO08  HHZ C  --   -1  -1   8.6  17.2   -1
1      9  GO09  HHZ C  --   -1  -1   8.6  17.2   -1
1     10  GO10  HHZ C  --   -1  -1   8.6  17.2   -1
1     11  LMEL  HHZ C  --   -1  -1   8.6  17.2   -1
1     12  ROC1  HHZ C  --   -1  -1   8.6  17.2   -1
1     13  AC01  HHZ C1 --   -1  -1   8.6  17.2   -1
1     14  AC02  HHZ C1 --   -1  -1   8.6  17.2   -1
1     15  AC04  HHZ C1 --   -1  -1   8.6  17.2   -1
1     16  AC05  HHZ C1 --   -1  -1   8.6  17.2   -1
1     17  AC06  HHZ C1 --   -1  -1   8.6  17.2   -1
1     18  AC07  HHZ C1 --   -1  -1   8.6  17.2   -1
1     19  AF01  HHZ C1 --   -1  -1   8.6  17.2   -1
1     20  AF02  HHZ C1 --   -1  -1   8.6  17.2   -1
1     21  AP01  HHZ C1 --   -1  -1   8.6  17.2   -1
1     22  AP02  HHZ C1 --   -1  -1   8.6  17.2   -1
1     23  AY02  HHZ C1 --   -1  -1   8.6  17.2   -1
1     24  AY03  HHZ C1 --   -1  -1   8.6  17.2   -1
1     25  AY04  HHZ C1 --   -1  -1   8.6  17.2   -1
1     26  AY05  HHZ C1 --   -1  -1   8.6  17.2   -1
1     27  BI02  HHZ C1 --   -1  -1   8.6  17.2   -1
1     28  BI04  HHZ C1 --   -1  -1   8.6  17.2   -1
1     29  BI05  HHZ C1 --   -1  -1   8.6  17.2   -1
1     30  BI06  HHZ C1 --   -1  -1   8.6  17.2   -1
1     32  BO01  HHZ C1 --   -1  -1   8.6  17.2   -1
1     33  BO02  HHZ C1 --   -1  -1   8.6  17.2   -1
1     34  BO03  HHZ C1 --   -1  -1   8.6  17.2   -1
1     35  BO04  HHZ C1 --   -1  -1   8.6  17.2   -1
1     36  CO01  HHZ C1 --   -1  -1   8.6  17.2   -1
1     37  CO02  HHZ C1 --   -1  -1   8.6  17.2   -1
1     38  CO03  HHZ C1 --   -1  -1   8.6  17.2   -1
1     39  CO04  HHZ C1 --   -1  -1   8.6  17.2   -1
1     40  CO05  HHZ C1 --   -1  -1   8.6  17.2   -1
1     41  CO06  HHZ C1 --   -1  -1   8.6  17.2   -1
1     42  IN44  HHZ C1 --   -1  -1   8.6  17.2   -1
1     45  LC01  HHZ C1 --   -1  -1   8.6  17.2   -1
1     46  LC02  HHZ C1 --   -1  -1   8.6  17.2   -1
1     47  LL01  HHZ C1 --   -1  -1   8.6  17.2   -1
1     48  LL02  HHZ C1 --   -1  -1   8.6  17.2   -1
1     49  LL03  HHZ C1 --   -1  -1   8.6  17.2   -1
1     50  LL04  HHZ C1 --   -1  -1   8.6  17.2   -1
1     51  LL05  HHZ C1 --   -1  -1   8.6  17.2   -1
1     52  LL06  HHZ C1 --   -1  -1   8.6  17.2   -1
1     53  LL07  HHZ C1 --   -1  -1   8.6  17.2   -1
1     54  LR03  HHZ C1 --   -1  -1   8.6  17.2   -1
1     55  LR04  HHZ C1 --   -1  -1   8.6  17.2   -1
1     56  LR05  HHZ C1 --   -1  -1   8.6  17.2   -1
1     57  MG01  HHZ C1 --   -1  -1   8.6  17.2   -1
1     58  MG02  HHZ C1 --   -1  -1   8.6  17.2   -1
1     59  MG03  HHZ C1 --   -1  -1   8.6  17.2   -1
1     60  MG04  HHZ C1 --   -1  -1   8.6  17.2   -1
1     61  MG05  HHZ C1 --   -1  -1   8.6  17.2   -1
1     62  ML02  HHZ C1 --   -1  -1   8.6  17.2   -1
1     63  ML03  HHZ C1 --   -1  -1   8.6  17.2   -1
1     64  MT01  HHZ C1 --   -1  -1   8.6  17.2   -1
1     65  MT02  HHZ C1 --   -1  -1   8.6  17.2   -1
1     66  MT03  HHZ C1 --   -1  -1   8.6  17.2   -1
1     67  MT04  HHZ C1 --   -1  -1   8.6  17.2   -1
1     68  MT05  HHZ C1 --   -1  -1   8.6  17.2   -1
1     69  MT07  HHZ C1 --   -1  -1   8.6  17.2   -1
1     70  MT08  HHZ C1 --   -1  -1   8.6  17.2   -1
1     71  MT09  HHZ C1 --   -1  -1   8.6  17.2   -1
1     72  MT10  HHZ C1 --   -1  -1   8.6  17.2   -1
1     73  MT12  HHZ C1 --   -1  -1   8.6  17.2   -1
1     74  MT13  HHZ C1 --   -1  -1   8.6  17.2   -1
1     75  MT14  HHZ C1 --   -1  -1   8.6  17.2   -1
1     76  MT15  HHZ C1 --   -1  -1   8.6  17.2   -1
1     77  MT16  HHZ C1 --   -1  -1   8.6  17.2   -1
1     78  MT18  HHZ C1 --   -1  -1   8.6  17.2   -1
1     79  MT19  HHZ C1 --   -1  -1   8.6  17.2   -1
1     80  TA01  HHZ C1 --   -1  -1   8.6  17.2   -1
1     81  TA02  HHZ C1 --   -1  -1   8.6  17.2   -1
1     82  TA03  HHZ C1 --   -1  -1   8.6  17.2   -1
1     83  VA01  HHZ C1 --   -1  -1   8.6  17.2   -1
1     84  VA02  HHZ C1 --   -1  -1   8.6  17.2   -1
1     85  VA03  HHZ C1 --   -1  -1   8.6  17.2   -1
1     86  VA04  HHZ C1 --   -1  -1   8.6  17.2   -1
1     87  VA05  HHZ C1 --   -1  -1   8.6  17.2   -1
1     88  VA06  HHZ C1 --   -1  -1   8.6  17.2   -1
1     89  HMBCX HHZ CX --   -1  -1   8.6  17.2   -1
1     90  MNMCX HHZ CX --   -1  -1   8.6  17.2   -1
1     91  PATCX HHZ CX --   -1  -1   8.6  17.2   -1
1     92  PB01  HHZ CX --   -1  -1   8.6  17.2   -1
1     93  PB02  HHZ CX --   -1  -1   8.6  17.2   -1
1     94  PB03  HHZ CX --   -1  -1   8.6  17.2   -1
1     95  PB04  HHZ CX --   -1  -1   8.6  17.2   -1
1     96  PB05  HHZ CX --   -1  -1   8.6  17.2   -1
1     97  PB06  HHZ CX --   -1  -1   8.6  17.2   -1
1     98  PB07  HHZ CX --   -1  -1   8.6  17.2   -1
1     99  PB08  HHZ CX --   -1  -1   8.6  17.2   -1
1    100  PB09  HHZ CX --   -1  -1   8.6  17.2   -1
1    101  PB10  HHZ CX --   -1  -1   8.6  17.2   -1
1    102  PB11  HHZ CX --   -1  -1   8.6  17.2   -1
1    103  PB12  HHZ CX --   -1  -1   8.6  17.2   -1
1    104  PB14  HHZ CX --   -1  -1   8.6  17.2   -1
1    105  PB15  HHZ CX --   -1  -1   8.6  17.2   -1
1    106  PB16  HHZ CX --   -1  -1   8.6  17.2   -1
1    108  PB19  HHZ CX --   -1  -1   8.6  17.2   -1
1    110  PB21  HHZ CX --   -1  -1   8.6  17.2   -1
1    111  PB22  HHZ CX --   -1  -1   8.6  17.2   -1
1    112  PB23  HHZ CX --   -1  -1   8.6  17.2   -1
1    113  PSGCX HHZ CX --   -1  -1   8.6  17.2   -1
1    121  EFI   HHZ II 00   -1  -1   8.6  17.2   -1
1    122  EFI   HHZ II 10   -1  -1   8.6  17.2   -1
1    123  NNA   HHZ II 00   -1  -1   8.6  17.2   -1
1    124  NNA   HHZ II 10   -1  -1   8.6  17.2   -1
1    125  CASY  HHZ IU 00   -1  -1   8.6  17.2   -1
1    126  CASY  HHZ IU 10   -1  -1   8.6  17.2   -1
1    127  LCO   HHZ IU 00   -1  -1   8.6  17.2   -1
1    128  LCO   HHZ IU 10   -1  -1   8.6  17.2   -1
1    129  PAYG  HHZ IU 00   -1  -1   8.6  17.2   -1
1    130  PAYG  HHZ IU 10   -1  -1   8.6  17.2   -1
1    131  PMSA  HHZ IU 00   -1  -1   8.6  17.2   -1
1    132  PMSA  HHZ IU 10   -1  -1   8.6  17.2   -1
1    133  RCBR  HHZ IU 00   -1  -1   8.6  17.2   -1
1    134  RCBR  HHZ IU 10   -1  -1   8.6  17.2   -1
1    135  SAML  HHZ IU 00   -1  -1   8.6  17.2   -1
1    136  SBA   HHZ IU 00   -1  -1   8.6  17.2   -1
1    137  SBA   HHZ IU 10   -1  -1   8.6  17.2   -1
1    138  TRQA  HHZ IU 00   -1  -1   8.6  17.2   -1
1    139  GUA0  HHZ PE --   -1  -1   8.6  17.2   -1
1    140  HYO0  HHZ PE --   -1  -1   8.6  17.2   -1
1    141  QLK0  HHZ PE --   -1  -1   8.6  17.2   -1
1    142  TOQ0  HHZ PE --   -1  -1   8.6  17.2   -1
1    143  YCA0  HHZ PE --   -1  -1   8.6  17.2   -1
1    145  USHA  HHZ RI --   -1  -1   8.6  17.2   -1
