1 1 FAR1 C -- HHE HHN HHZ
1 2 GO01 C -- HHE HHN HHZ
1 3 GO02 C -- HHE HHN HHZ
1 4 GO03 C -- HHE HHN HHZ
1 5 GO04 C -- HHE HHN HHZ
1 6 GO05 C -- HHE HHN HHZ
1 7 GO06 C -- HHE HHN HHZ
1 8 GO08 C -- HHE HHN HHZ
1 9 GO09 C -- HHE HHN HHZ
1 10 GO10 C -- HHE HHN HHZ
1 11 LMEL C -- HHE HHN HHZ
1 12 AC01 C1 -- HHE HHN HHZ
1 13 AC02 C1 -- HHE HHN HHZ
1 14 AC04 C1 -- HHE HHN HHZ
1 15 AC05 C1 -- HHE HHN HHZ
1 16 AC06 C1 -- HHE HHN HHZ
1 17 AC07 C1 -- HHE HHN HHZ
1 18 AF01 C1 -- HHE HHN HHZ
1 19 AF02 C1 -- HHE HHN HHZ
1 20 AP01 C1 -- HHE HHN HHZ
1 21 AP02 C1 -- HHE HHN HHZ
1 22 AY02 C1 -- HHE HHN HHZ
1 23 AY03 C1 -- HHE HHN HHZ
1 24 AY04 C1 -- HHE HHN HHZ
1 25 AY05 C1 -- HHE HHN HHZ
1 26 BI02 C1 -- HHE HHN HHZ
1 27 BI04 C1 -- HHE HHN HHZ
1 28 BI05 C1 -- HHE HHN HHZ
1 29 BI06 C1 -- HHE HHN HHZ
1 30 BO01 C1 -- HHE HHN HHZ
1 31 BO02 C1 -- HHE HHN HHZ
1 32 BO03 C1 -- HHE HHN HHZ
1 33 BO04 C1 -- HHE HHN HHZ
1 34 CO01 C1 -- HHE HHN HHZ
1 35 CO02 C1 -- HHE HHN HHZ
1 36 CO03 C1 -- HHE HHN HHZ
1 37 CO04 C1 -- HHE HHN HHZ
1 38 CO05 C1 -- HHE HHN HHZ
1 39 CO06 C1 -- HHE HHN HHZ
1 40 IN44 C1 -- HHE HHN HHZ
1 41 LC01 C1 -- HHE HHN HHZ
1 42 LC02 C1 -- HHE HHN HHZ
1 43 LL01 C1 -- HHE HHN HHZ
1 44 LL02 C1 -- HHE HHN HHZ
1 45 LL03 C1 -- HHE HHN HHZ
1 46 LL04 C1 -- HHE HHN HHZ
1 47 LL05 C1 -- HHE HHN HHZ
1 48 LL06 C1 -- HHE HHN HHZ
1 49 LL07 C1 -- HHE HHN HHZ
1 50 LR03 C1 -- HHE HHN HHZ
1 51 LR04 C1 -- HHE HHN HHZ
1 52 LR05 C1 -- HHE HHN HHZ
1 53 MG01 C1 -- HHE HHN HHZ
1 54 MG02 C1 -- HHE HHN HHZ
1 55 MG03 C1 -- HHE HHN HHZ
1 56 MG04 C1 -- HHE HHN HHZ
1 57 MG05 C1 -- HHE HHN HHZ
1 58 ML02 C1 -- HHE HHN HHZ
1 59 ML03 C1 -- HHE HHN HHZ
1 60 MT01 C1 -- HHE HHN HHZ
1 61 MT02 C1 -- HHE HHN HHZ
1 62 MT03 C1 -- HHE HHN HHZ
1 63 MT04 C1 -- HHE HHN HHZ
1 64 MT05 C1 -- HHE HHN HHZ
1 65 MT07 C1 -- HHE HHN HHZ
1 66 MT08 C1 -- HHE HHN HHZ
1 67 MT09 C1 -- HHE HHN HHZ
1 68 MT10 C1 -- HHE HHN HHZ
1 69 MT12 C1 -- HHE HHN HHZ
1 70 MT13 C1 -- HHE HHN HHZ
1 71 MT14 C1 -- HHE HHN HHZ
1 72 MT15 C1 -- HHE HHN HHZ
1 73 MT16 C1 -- HHE HHN HHZ
1 74 MT18 C1 -- HHE HHN HHZ
1 75 MT19 C1 -- HHE HHN HHZ
1 76 TA01 C1 -- HHE HHN HHZ
1 77 TA02 C1 -- HHE HHN HHZ
1 78 TA03 C1 -- HHE HHN HHZ
1 79 VA01 C1 -- HHE HHN HHZ
1 80 VA02 C1 -- HHE HHN HHZ
1 81 VA03 C1 -- HHE HHN HHZ
1 82 VA04 C1 -- HHE HHN HHZ
1 83 VA05 C1 -- HHE HHN HHZ
1 84 VA06 C1 -- HHE HHN HHZ
1 85 PB01 CX -- HHE HHN HHZ
1 86 PB02 CX -- HHE HHN HHZ
1 87 PB03 CX -- HHE HHN HHZ
1 88 PB04 CX -- HHE HHN HHZ
1 89 PB05 CX -- HHE HHN HHZ
1 90 PB06 CX -- HHE HHN HHZ
1 91 PB07 CX -- HHE HHN HHZ
1 92 PB08 CX -- HHE HHN HHZ
1 93 PB09 CX -- HHE HHN HHZ
1 94 PB10 CX -- HHE HHN HHZ
1 95 PB11 CX -- HHE HHN HHZ
1 96 PB12 CX -- HHE HHN HHZ
1 97 PB14 CX -- HHE HHN HHZ
1 98 PB15 CX -- HHE HHN HHZ
1 99 PB16 CX -- HHE HHN HHZ
1 100 PB19 CX -- HHE HHN HHZ
1 101 PB21 CX -- HHE HHN HHZ
1 102 PB22 CX -- HHE HHN HHZ
1 103 PB23 CX -- HHE HHN HHZ
1 104 MNMCX CX -- HHE HHN HHZ
1 105 PSGCX CX -- HHE HHN HHZ
1 106 HMBCX CX -- HHE HHN HHZ
1 107 PATCX CX -- HHE HHN HHZ
1 108 AVAL TC -- HHE HHN HHZ
1 109 BLOQ TC -- HHE HHN HHZ
1 110 ENQU TC -- HHE HHN HHZ
1 111 VICU TC -- HHE HHN HHZ
1 112 ROC1 C -- HHE HHN HHZ
1 113 CASY IU 00 HHE HHN HHZ
1 114 CASY IU 10 HHE HHN HHZ
1 115 LCO IU 00 HHE HHN HHZ
1 116 LCO IU 10 HHE HHN HHZ
1 117 PAYG IU 00 HHE HHN HHZ
1 118 PAYG IU 10 HHE HHN HHZ
1 119 PMSA IU 00 HHE HHN HHZ
1 120 PMSA IU 10 HHE HHN HHZ
1 121 RCBR IU 00 HHE HHN HHZ
1 122 RCBR IU 10 HHE HHN HHZ
1 123 SAML IU 00 HHE HHN HHZ
1 124 SBA IU 00 HHE HHN HHZ
1 125 SBA IU 10 HHE HHN HHZ
1 126 TRQA IU 00 HHE HHN HHZ
1 127 EFI II 00 HHE HHN HHZ
1 128 EFI II 10 HHE HHN HHZ
1 129 NNA II 00 HHE HHN HHZ
1 130 NNA II 10 HHE HHN HHZ
1 131 GUA0 PE -- HHE HHN HHZ
1 132 HYO0 PE -- HHE HHN HHZ
1 133 QLK0 PE -- HHE HHN HHZ
1 134 TOQ0 PE -- HHE HHN HHZ
1 135 YCA0 PE -- HHE HHN HHZ
1 136 USHA RI -- HHE HHN HHZ
1 137 ESPZ AI 04 HHE HHN HHZ
