#Archivo de configuracion de estaciones para Develo GTK
#
#Formato estricto SCNL: Estacion  Canal  Red  Loc  EscalaVisual
#
#-------------------------------------------------------------
PAYG    HHZ    IU   10   0.005
RCBR    HHZ    IU   10   0.005
SAML    HHZ    IU   00   0.005
NNA     HHZ    II   10   0.005
HYO0    HHZ    PE   --   0.005
GUA0    HHZ    PE   --   0.005
YCA0    HHZ    PE   --   0.005
QLK0    HHZ    PE   --   0.005
TOQ0    HHZ    PE   --   0.005
PB18    HHZ    CX   --   0.005
PB16    HHZ    CX   --   0.005
AP01    HHZ    C1   --   0.005
VICU    HHZ    TC   --   0.005
PB12    HHZ    CX   --   0.005
AP02    HHZ    C1   --   0.005
MNMCX   HHZ    CX   --   0.005
ENQU    HHZ    TC   --   0.005
PSGCX   HHZ    CX   --   0.005
GO01    HHZ    C    --   0.005
PB23    HHZ    CX   --   0.005
PB11    HHZ    CX   --   0.005
PB08    HHZ    CX   --   0.005
TA02    HHZ    C1   --   0.005
HMBCX   HHZ    CX   --   0.005
TA01    HHZ    C1   --   0.005
BLOQ    HHZ    TC   --   0.005
TA03    HHZ    C1   --   0.005
PATCX   HHZ    CX   --   0.005
PB20    HHZ    CX   --   0.005
PB01    HHZ    CX   --   0.005
AVAL    HHZ    TC   --   0.005
PB02    HHZ    CX   --   0.005
PB07    HHZ    CX   --   0.005
PB09    HHZ    CX   --   0.005
PB03    HHZ    CX   --   0.005
PB04    HHZ    CX   --   0.005
PB21    HHZ    CX   --   0.005
PB06    HHZ    CX   --   0.005
PB05    HHZ    CX   --   0.005
PB22    HHZ    CX   --   0.005
AF01    HHZ    C1   --   0.005
SPB     HHZ    G    00   0.005
PB15    HHZ    CX   --   0.005
PB10    HHZ    CX   --   0.005
PB19    HHZ    CX   --   0.005
PB14    HHZ    CX   --   0.005
SALTA   HHZ    GE   --   0.005
GO02    HHZ    C    --   0.005
AF02    HHZ    C1   --   0.005
AC01    HHZ    C1   --   0.005
AC02    HHZ    C1   --   0.005
AC07    HHZ    C1   --   0.005
VA02    HHZ    C1   --   0.005
AC06    HHZ    C1   --   0.005
GO03    HHZ    C    --   0.005
AC04    HHZ    C1   --   0.005
AC05    HHZ    C1   --   0.005
LCO     HHZ    IU   10   0.005
CO05    HHZ    C1   --   0.005
CO01    HHZ    C1   --   0.005
GO04    HHZ    C    --   0.005
CO06    HHZ    C1   --   0.005
CO03    HHZ    C1   --   0.005
CO02    HHZ    C1   --   0.005
CO04    HHZ    C1   --   0.005
VA06    HHZ    C1   --   0.005
VA03    HHZ    C1   --   0.005
ROC1    HHZ    C    --   0.005
MT07    HHZ    C1   --   0.005
VA01    HHZ    C1   --   0.005
PEL     HHZ    G    00   0.005
MT02    HHZ    C1   --   0.005
MT10    HHZ    C1   --   0.005
FAR1    HHZ    C    --   0.005
MT05    HHZ    C1   --   0.005
MT14    HHZ    C1   --   0.005
MT04    HHZ    C1   --   0.005
MT19    HHZ    C1   --   0.005
MT16    HHZ    C1   --   0.005
MT08    HHZ    C1   --   0.005
MT18    HHZ    C1   --   0.005
MT03    HHZ    C1   --   0.005
MT15    HHZ    C1   --   0.005
VA04    HHZ    C1   --   0.005
VA05    HHZ    C1   --   0.005
MT12    HHZ    C1   --   0.005
MT13    HHZ    C1   --   0.005
MT09    HHZ    C1   --   0.005
LMEL    HHZ    C    --   0.005
MT01    HHZ    C1   --   0.005
BO04    HHZ    C1   --   0.005
BO01    HHZ    C1   --   0.005
BO03    HHZ    C1   --   0.005
BO02    HHZ    C1   --   0.005
AZUF    HHZ    TC   --   0.005
GO05    HHZ    C    --   0.005
ML03    HHZ    C1   --   0.005
ML02    HHZ    C1   --   0.005
BI06    HHZ    C1   --   0.005
BI07    HHZ    C1   --   0.005
BI02    HHZ    C1   --   0.005
BI05    HHZ    C1   --   0.005
TRQA    HHZ    IU   00   0.005
BI04    HHZ    C1   --   0.005
LC02    HHZ    C1   --   0.005
LC01    HHZ    C1   --   0.005
GO06    HHZ    C    --   0.005
LR03    HHZ    C1   --   0.005
LR04    HHZ    C1   --   0.005
LR05    HHZ    C1   --   0.005
LL04    HHZ    C1   --   0.005
LL03    HHZ    C1   --   0.005
LL05    HHZ    C1   --   0.005
LL06    HHZ    C1   --   0.005
LL01    HHZ    C1   --   0.005
LL07    HHZ    C1   --   0.005
LL02    HHZ    C1   --   0.005
AY05    HHZ    C1   --   0.005
AYSN    HHZ    VC   --   0.005
CHAC    HHZ    VC   --   0.005
COYC    HHZ    G    10   0.005
HUDS    HHZ    VC   --   0.005
FRIO    HHZ    VC   --   0.005
ADAL    HHZ    VC   --   0.005
AY02    HHZ    C1   --   0.005
AY04    HHZ    C1   --   0.005
AY03    HHZ    C1   --   0.005
GO08    HHZ    C    --   0.005
GO09    HHZ    C    --   0.005
EFI     HHZ    II   10   0.005
MG05    HHZ    C1   --   0.005
MG02    HHZ    C1   --   0.005
MG04    HHZ    C1   --   0.005
GO10    HHZ    C    --   0.005
MG03    HHZ    C1   --   0.005
USHA    HHZ    RI   --   0.005
MG01    HHZ    C1   --   0.005
IN44    HHZ    C1   --   0.005
ESPZ    HHZ    AI   04   0.005
PMSA    HHZ    IU   10   0.005
CASY    HHZ    IU   10   0.005
